// Vitest Snapshot v1, https://vitest.dev/guide/snapshot.html

exports[`Test MobileMenu > should initialize with welcome screen and hide once user interacts 1`] = `
<div
  class="welcome-screen-center"
>
  <div
    class="welcome-screen-center__logo excalifont welcome-screen-decor"
  >
    <div
      class="ExcalidrawLogo is-small"
    >
      <svg
        aria-hidden="true"
        class="ExcalidrawLogo-icon"
        fill="none"
        viewBox="0 0 1266 1266"
        xmlns="http://www.w3.org/2000/svg"
      >
        <rect
          fill="white"
          height="1266"
          rx="136"
          width="1266"
        />
        <path
          d="M108.957 952.946C104.24 947.642 103.581 939.865 107.339 933.843L503.063 299.706C504.966 296.658 507.839 294.338 511.22 293.122L723.583 216.707C734.009 212.955 745 220.681 745 231.762V496.958C745 501.151 743.354 505.176 740.416 508.168L213.495 1044.78C207.005 1051.39 196.278 1051.13 190.123 1044.21L108.957 952.946Z"
          fill="#685ED8"
          stroke="#685ED8"
        />
        <circle
          cx="602"
          cy="436"
          fill="#FF8383"
          r="60.5"
          stroke="#FF8383"
        />
        <path
          d="M669.479 725.179L526.665 872.169C523.105 875.833 521.509 880.978 522.369 886.014L549.227 1043.19C550.54 1050.88 557.201 1056.5 564.998 1056.5H726.43C736.209 1056.5 743.7 1047.81 742.254 1038.13L696.779 733.963C694.821 720.866 678.707 715.681 669.479 725.179Z"
          fill="#F17634"
          stroke="#F17634"
        />
        <path
          d="M901.794 514.978L779.595 1037.36C777.247 1047.39 784.866 1057 795.175 1057H932.492C939.841 1057 946.245 1051.99 948.019 1044.86L1065.11 574.147C1067.05 566.342 1062.89 558.309 1055.4 555.382L923.197 503.72C914.123 500.174 904.013 505.492 901.794 514.978Z"
          fill="#3A994C"
          stroke="#3A994C"
        />
        <path
          d="M963.277 289.389L933.94 393.517C931.705 401.448 935.859 409.78 943.539 412.767L1077.84 465.02C1086.73 468.477 1096.65 463.444 1099.11 454.231L1156.59 238.666C1159.92 226.164 1147.81 215.081 1135.65 219.51L973.201 278.694C968.366 280.456 964.673 284.436 963.277 289.389Z"
          fill="#56A2E8"
          stroke="#56A2E8"
        />
      </svg>
      <span
        class="ExcalidrawLogo-text"
      >
        Excal AI
      </span>
    </div>
  </div>
  <div
    class="welcome-screen-center__heading welcome-screen-decor excalifont"
  >
    Your drawings are saved in your browser's storage.
    <br />
    Browser storage can be cleared unexpectedly.
    <br />
    Save your work to a file regularly to avoid losing it.
  </div>
  <div
    class="welcome-screen-menu"
  >
    <button
      class="welcome-screen-menu-item "
      type="button"
    >
      <div
        class="welcome-screen-menu-item__icon"
      >
        <svg
          aria-hidden="true"
          class=""
          fill="none"
          focusable="false"
          role="img"
          stroke="currentColor"
          stroke-linecap="round"
          stroke-linejoin="round"
          viewBox="0 0 20 20"
        >
          <path
            d="m9.257 6.351.183.183H15.819c.34 0 .727.182 1.051.506.323.323.505.708.505 1.05v5.819c0 .316-.183.7-.52 1.035-.337.338-.723.522-1.037.522H4.182c-.352 0-.74-.181-1.058-.5-.318-.318-.499-.705-.499-1.057V5.182c0-.351.181-.736.5-1.054.32-.321.71-.503 1.057-.503H6.53l2.726 2.726Z"
            stroke-width="1.25"
          />
        </svg>
      </div>
      <div
        class="welcome-screen-menu-item__text"
      >
        Open
      </div>
      <div
        class="welcome-screen-menu-item__shortcut"
      >
        Ctrl+O
      </div>
    </button>
    <button
      class="welcome-screen-menu-item "
      type="button"
    >
      <div
        class="welcome-screen-menu-item__icon"
      >
        <svg
          aria-hidden="true"
          class=""
          fill="none"
          focusable="false"
          role="img"
          stroke="currentColor"
          stroke-linecap="round"
          stroke-linejoin="round"
          stroke-width="2"
          viewBox="0 0 24 24"
        >
          <g
            stroke-width="1.5"
          >
            <path
              d="M0 0h24v24H0z"
              fill="none"
              stroke="none"
            />
            <circle
              cx="12"
              cy="12"
              r="9"
            />
            <line
              x1="12"
              x2="12"
              y1="17"
              y2="17.01"
            />
            <path
              d="M12 13.5a1.5 1.5 0 0 1 1 -1.5a2.6 2.6 0 1 0 -3 -4"
            />
          </g>
        </svg>
      </div>
      <div
        class="welcome-screen-menu-item__text"
      >
        Help
      </div>
      <div
        class="welcome-screen-menu-item__shortcut"
      >
        ?
      </div>
    </button>
    <button
      class="welcome-screen-menu-item "
      type="button"
    >
      <div
        class="welcome-screen-menu-item__icon"
      >
        <svg
          aria-hidden="true"
          class=""
          fill="none"
          focusable="false"
          role="img"
          stroke="currentColor"
          stroke-linecap="round"
          stroke-linejoin="round"
          stroke-width="2"
          viewBox="0 0 24 24"
        >
          <g
            stroke-width="1.5"
          >
            <path
              d="M0 0h24v24H0z"
              fill="none"
              stroke="none"
            />
            <circle
              cx="9"
              cy="7"
              r="4"
            />
            <path
              d="M3 21v-2a4 4 0 0 1 4 -4h4a4 4 0 0 1 4 4v2"
            />
            <path
              d="M16 3.13a4 4 0 0 1 0 7.75"
            />
            <path
              d="M21 21v-2a4 4 0 0 0 -3 -3.85"
            />
          </g>
        </svg>
      </div>
      <div
        class="welcome-screen-menu-item__text"
      >
        Live collaboration...
      </div>
    </button>
    <a
      class="welcome-screen-menu-item "
      href="undefined/plus?utm_source=excalidraw&utm_medium=app&utm_content=welcomeScreenGuest"
      rel="noopener"
      target="_blank"
    >
      <div
        class="welcome-screen-menu-item__icon"
      >
        <svg
          aria-hidden="true"
          class=""
          fill="none"
          focusable="false"
          role="img"
          stroke="currentColor"
          stroke-linecap="round"
          stroke-linejoin="round"
          stroke-width="2"
          viewBox="0 0 24 24"
        >
          <g
            stroke-width="1.5"
          >
            <path
              d="M0 0h24v24H0z"
              fill="none"
              stroke="none"
            />
            <path
              d="M15 8v-2a2 2 0 0 0 -2 -2h-7a2 2 0 0 0 -2 2v12a2 2 0 0 0 2 2h7a2 2 0 0 0 2 -2v-2"
            />
            <path
              d="M21 12h-13l3 -3"
            />
            <path
              d="M11 15l-3 -3"
            />
          </g>
        </svg>
      </div>
      <div
        class="welcome-screen-menu-item__text"
      >
        Sign up
      </div>
    </a>
  </div>
</div>
`;
